{
  "params": {
    "text": "Inline static text",
    "username": "concourse",
    "always_notify": "true",
    "debug": "true",
    "attachments": [
      {
        "color": "danger",
        "text": "Build failed!"
      }
    ]
  },
  "source": {
    "url": "https://some.url"
  }
}
