{
  "params": {
    "always_notify": "true",
    "debug": "false",
    "silent": "true"
  },
  "source": {
    "url": "https://force-failure.url"
  }
}
