{
  "params": {
    "username": "concourse",
    "always_notify": "true",
    "debug": "true",
    "attachments_file": "attachment-sample.txt"
  },
  "source": {
    "url": "https://some.url"
  }
}
