{
  "params": {
    "text_file": "sample-with-vars.txt",
    "env_file": ".env",
    "username": "concourse",
    "debug": "true"
  },
  "source": {
    "token": "sample-token"
  }
}