{
  "params": {
    "text_file": "sample.txt",
    "username": "concourse",
    "debug": "true"
  },
  "source": {
    "token": "sample-token"
  }
}