{
  "params": {
    "text": "Inline static text",
    "username": "concourse",
    "debug": "true",
    "channel": "#some_channel #another_channel"
  },
  "source": {
    "token": "sample-token"
  }
}
