{
  "params": {
    "text": "Inline static `text`",
    "username": "concourse",
    "debug": "true"
  },
  "source": {
    "url": "https://some.url"
  }
}
